{"id": "log_py_8534417211680563015", "timestamp": 1774107595097, "location": "run_scraper.py", "message": "scrape() config", "data": {"base_url": "https://fyrinnae.com", "first_collection_url": "https://fyrinnae.com/index.php?route=product/category&path=195_202", "link_selector": "a[href*='/perfume-oil/']", "collection_count": 10}, "hypothesisId": "A"}
{"id": "log_py_2757648048666484544", "timestamp": 1774107659631, "location": "run_scraper.py", "message": "primary selector elements", "data": {"count": 9, "link_selector": "a[href*='/perfume-oil/']"}, "hypothesisId": "B"}
{"id": "log_py_4042003768888080897", "timestamp": 1774107659698, "location": "run_scraper.py", "message": "collect_product_links exit", "data": {"links_count": 9, "collection_url": "https://fyrinnae.com/index.php?route=product/category&path=195_202"}, "hypothesisId": "E"}
{"id": "log_py_2757648048666484544", "timestamp": 1774107703667, "location": "run_scraper.py", "message": "primary selector elements", "data": {"count": 61, "link_selector": "a[href*='/perfume-oil/']"}, "hypothesisId": "B"}
{"id": "log_py_4042003768888080897", "timestamp": 1774107704136, "location": "run_scraper.py", "message": "collect_product_links exit", "data": {"links_count": 34, "collection_url": "https://fyrinnae.com/perfume-oil/masculine-gender-neutral"}, "hypothesisId": "E"}
{"id": "log_py_2757648048666484544", "timestamp": 1774107747043, "location": "run_scraper.py", "message": "primary selector elements", "data": {"count": 58, "link_selector": "a[href*='/perfume-oil/']"}, "hypothesisId": "B"}
{"id": "log_py_4042003768888080897", "timestamp": 1774107748215, "location": "run_scraper.py", "message": "collect_product_links exit", "data": {"links_count": 33, "collection_url": "https://fyrinnae.com/perfume-oil/atmospheric"}, "hypothesisId": "E"}
{"id": "log_py_2757648048666484544", "timestamp": 1774107776087, "location": "run_scraper.py", "message": "primary selector elements", "data": {"count": 22, "link_selector": "a[href*='/perfume-oil/']"}, "hypothesisId": "B"}
{"id": "log_py_4042003768888080897", "timestamp": 1774107776233, "location": "run_scraper.py", "message": "collect_product_links exit", "data": {"links_count": 15, "collection_url": "https://fyrinnae.com/perfume-oil/resinous-blends"}, "hypothesisId": "E"}
{"id": "log_py_2757648048666484544", "timestamp": 1774107803571, "location": "run_scraper.py", "message": "primary selector elements", "data": {"count": 20, "link_selector": "a[href*='/perfume-oil/']"}, "hypothesisId": "B"}
{"id": "log_py_4042003768888080897", "timestamp": 1774107803701, "location": "run_scraper.py", "message": "collect_product_links exit", "data": {"links_count": 14, "collection_url": "https://fyrinnae.com/perfume-oil/fir-cedar"}, "hypothesisId": "E"}
{"id": "log_py_2757648048666484544", "timestamp": 1774107839176, "location": "run_scraper.py", "message": "primary selector elements", "data": {"count": 36, "link_selector": "a[href*='/perfume-oil/']"}, "hypothesisId": "B"}
{"id": "log_py_4042003768888080897", "timestamp": 1774107839472, "location": "run_scraper.py", "message": "collect_product_links exit", "data": {"links_count": 22, "collection_url": "https://fyrinnae.com/perfume-oil/woods-rustic"}, "hypothesisId": "E"}
{"id": "log_py_2757648048666484544", "timestamp": 1774107865054, "location": "run_scraper.py", "message": "primary selector elements", "data": {"count": 14, "link_selector": "a[href*='/perfume-oil/']"}, "hypothesisId": "B"}
{"id": "log_py_4042003768888080897", "timestamp": 1774107865283, "location": "run_scraper.py", "message": "collect_product_links exit", "data": {"links_count": 11, "collection_url": "https://fyrinnae.com/perfume-oil/teas-and-herbal-blends"}, "hypothesisId": "E"}
{"id": "log_py_2757648048666484544", "timestamp": 1774107892094, "location": "run_scraper.py", "message": "primary selector elements", "data": {"count": 20, "link_selector": "a[href*='/perfume-oil/']"}, "hypothesisId": "B"}
{"id": "log_py_4042003768888080897", "timestamp": 1774107892283, "location": "run_scraper.py", "message": "collect_product_links exit", "data": {"links_count": 14, "collection_url": "https://fyrinnae.com/perfume-oil/greenery-floral"}, "hypothesisId": "E"}
{"id": "log_py_2757648048666484544", "timestamp": 1774107933132, "location": "run_scraper.py", "message": "primary selector elements", "data": {"count": 48, "link_selector": "a[href*='/perfume-oil/']"}, "hypothesisId": "B"}
{"id": "log_py_4042003768888080897", "timestamp": 1774107933481, "location": "run_scraper.py", "message": "collect_product_links exit", "data": {"links_count": 28, "collection_url": "https://fyrinnae.com/perfume-oil/gourmands"}, "hypothesisId": "E"}
{"id": "log_py_2757648048666484544", "timestamp": 1774107973405, "location": "run_scraper.py", "message": "primary selector elements", "data": {"count": 42, "link_selector": "a[href*='/perfume-oil/']"}, "hypothesisId": "B"}
{"id": "log_py_4042003768888080897", "timestamp": 1774107973752, "location": "run_scraper.py", "message": "collect_product_links exit", "data": {"links_count": 25, "collection_url": "https://fyrinnae.com/perfume-oil/fruit-blends"}, "hypothesisId": "E"}
{"id": "log_py_-5536812028504955953", "timestamp": 1774184394892, "location": "run_scraper.py", "message": "scrape() config", "data": {"base_url": "https://ghoulish-goods.com", "first_collection_url": "https://ghoulish-goods.com/collections/perfumery", "link_selector": "a[href*='/products/']", "collection_count": 5}, "hypothesisId": "A"}
{"id": "log_py_2141044008436560248", "timestamp": 1774184475986, "location": "run_scraper.py", "message": "primary selector elements", "data": {"count": 32, "link_selector": "a[href*='/products/']"}, "hypothesisId": "B"}
{"id": "log_py_-7886832217888751399", "timestamp": 1774184476276, "location": "run_scraper.py", "message": "collect_product_links exit", "data": {"links_count": 16, "collection_url": "https://ghoulish-goods.com/collections/perfumery"}, "hypothesisId": "E"}
{"id": "log_py_2141044008436560248", "timestamp": 1774184514101, "location": "run_scraper.py", "message": "primary selector elements", "data": {"count": 32, "link_selector": "a[href*='/products/']"}, "hypothesisId": "B"}
{"id": "log_py_-7886832217888751399", "timestamp": 1774184514204, "location": "run_scraper.py", "message": "collect_product_links exit", "data": {"links_count": 16, "collection_url": "https://ghoulish-goods.com/collections/perfumery?page=2"}, "hypothesisId": "E"}
{"id": "log_py_2141044008436560248", "timestamp": 1774184552332, "location": "run_scraper.py", "message": "primary selector elements", "data": {"count": 32, "link_selector": "a[href*='/products/']"}, "hypothesisId": "B"}
{"id": "log_py_-7886832217888751399", "timestamp": 1774184552436, "location": "run_scraper.py", "message": "collect_product_links exit", "data": {"links_count": 16, "collection_url": "https://ghoulish-goods.com/collections/perfumery?page=3"}, "hypothesisId": "E"}
{"id": "log_py_2141044008436560248", "timestamp": 1774184590050, "location": "run_scraper.py", "message": "primary selector elements", "data": {"count": 32, "link_selector": "a[href*='/products/']"}, "hypothesisId": "B"}
{"id": "log_py_-7886832217888751399", "timestamp": 1774184590155, "location": "run_scraper.py", "message": "collect_product_links exit", "data": {"links_count": 16, "collection_url": "https://ghoulish-goods.com/collections/perfumery?page=4"}, "hypothesisId": "E"}
{"id": "log_py_2141044008436560248", "timestamp": 1774184619576, "location": "run_scraper.py", "message": "primary selector elements", "data": {"count": 16, "link_selector": "a[href*='/products/']"}, "hypothesisId": "B"}
{"id": "log_py_-7886832217888751399", "timestamp": 1774184619629, "location": "run_scraper.py", "message": "collect_product_links exit", "data": {"links_count": 8, "collection_url": "https://ghoulish-goods.com/collections/perfumery?page=5"}, "hypothesisId": "E"}
{"id": "log_py_6650374993301404645", "timestamp": 1774187212025, "location": "run_scraper.py", "message": "scrape() config", "data": {"base_url": "https://www.strange-south.com", "first_collection_url": "https://www.strange-south.com/general-catalog", "link_selector": "a[href*='/general-catalog/']", "collection_count": 1}, "hypothesisId": "A"}
{"id": "log_py_7319608523959439087", "timestamp": 1774187290324, "location": "run_scraper.py", "message": "primary selector elements", "data": {"count": 24, "link_selector": "a[href*='/general-catalog/']"}, "hypothesisId": "B"}
{"id": "log_py_-6376527275701508167", "timestamp": 1774187290784, "location": "run_scraper.py", "message": "collect_product_links exit", "data": {"links_count": 24, "collection_url": "https://www.strange-south.com/general-catalog"}, "hypothesisId": "E"}
{"id": "log_py_8929630898815559514", "timestamp": 1774187592173, "location": "run_scraper.py", "message": "scrape() config", "data": {"base_url": "https://www.strange-south.com", "first_collection_url": "https://www.strange-south.com/general-catalog", "link_selector": "a[href*='/general-catalog/']", "collection_count": 1}, "hypothesisId": "A"}
{"id": "log_py_-7980098663972078642", "timestamp": 1774187667288, "location": "run_scraper.py", "message": "primary selector elements", "data": {"count": 24, "link_selector": "a[href*='/general-catalog/']"}, "hypothesisId": "B"}
{"id": "log_py_-7152664187466429894", "timestamp": 1774187667887, "location": "run_scraper.py", "message": "collect_product_links exit", "data": {"links_count": 24, "collection_url": "https://www.strange-south.com/general-catalog"}, "hypothesisId": "E"}
{"id": "log_py_-6067022150948075657", "timestamp": 1774187874763, "location": "run_scraper.py", "message": "scrape() config", "data": {"base_url": "https://www.strange-south.com", "first_collection_url": "https://www.strange-south.com/general-catalog", "link_selector": "a[href*='/general-catalog/']", "collection_count": 1}, "hypothesisId": "A"}
{"id": "log_py_-2128982945711640401", "timestamp": 1774187955133, "location": "run_scraper.py", "message": "primary selector elements", "data": {"count": 24, "link_selector": "a[href*='/general-catalog/']"}, "hypothesisId": "B"}
{"id": "log_py_-5349830672451298883", "timestamp": 1774187955719, "location": "run_scraper.py", "message": "collect_product_links exit", "data": {"links_count": 24, "collection_url": "https://www.strange-south.com/general-catalog"}, "hypothesisId": "E"}
{"id": "log_py_8667703220055062034", "timestamp": 1774188181748, "location": "run_scraper.py", "message": "scrape() config", "data": {"base_url": "https://www.strange-south.com", "first_collection_url": "https://www.strange-south.com/general-catalog", "link_selector": "a[href*='/general-catalog/']", "collection_count": 1}, "hypothesisId": "A"}
{"id": "log_py_8957549282509970833", "timestamp": 1774188260604, "location": "run_scraper.py", "message": "primary selector elements", "data": {"count": 24, "link_selector": "a[href*='/general-catalog/']"}, "hypothesisId": "B"}
{"id": "log_py_2416814634389589789", "timestamp": 1774188260807, "location": "run_scraper.py", "message": "collect_product_links exit", "data": {"links_count": 24, "collection_url": "https://www.strange-south.com/general-catalog"}, "hypothesisId": "E"}
{"id": "log_py_-4949569986778384699", "timestamp": 1774190024151, "location": "run_scraper.py", "message": "scrape() config", "data": {"base_url": "https://www.gooddearestunhappy.com", "first_collection_url": "https://www.gooddearestunhappy.com/eau-de-parfum", "link_selector": "a[href*='/p/']", "collection_count": 1}, "hypothesisId": "A"}
{"id": "log_py_-39836920258860533", "timestamp": 1774190119282, "location": "run_scraper.py", "message": "primary selector elements", "data": {"count": 12, "link_selector": "a[href*='/p/']"}, "hypothesisId": "B"}
{"id": "log_py_-5390708782197408280", "timestamp": 1774190119401, "location": "run_scraper.py", "message": "collect_product_links exit", "data": {"links_count": 12, "collection_url": "https://www.gooddearestunhappy.com/eau-de-parfum"}, "hypothesisId": "E"}
{"id": "log_py_-2116347166251006403", "timestamp": 1774192977244, "location": "run_scraper.py", "message": "scrape() config", "data": {"base_url": "https://www.hauntinghuescosmetics.com", "first_collection_url": "https://www.hauntinghuescosmetics.com/shop?Category=Perfume", "link_selector": "a[href*='/products/']", "collection_count": 3}, "hypothesisId": "A"}
{"id": "log_py_6513540811196462207", "timestamp": 1774193072515, "location": "run_scraper.py", "message": "WebDriverWait timed out", "data": {"link_selector": "a[href*='/products/']", "collection_url": "https://www.hauntinghuescosmetics.com/shop?Category=Perfume"}, "hypothesisId": "B"}
{"id": "log_py_6513540811196462207", "timestamp": 1774193120973, "location": "run_scraper.py", "message": "WebDriverWait timed out", "data": {"link_selector": "a[href*='/products/']", "collection_url": "https://www.hauntinghuescosmetics.com/shop?Category=Perfume&page=2"}, "hypothesisId": "B"}
{"id": "log_py_6513540811196462207", "timestamp": 1774193173132, "location": "run_scraper.py", "message": "WebDriverWait timed out", "data": {"link_selector": "a[href*='/products/']", "collection_url": "https://www.hauntinghuescosmetics.com/shop?Category=Perfume%2520Oil"}, "hypothesisId": "B"}
{"id": "log_py_-6227805356100805853", "timestamp": 1774193188663, "location": "run_scraper.py", "message": "scrape() config", "data": {"base_url": "https://www.hauntinghuescosmetics.com", "first_collection_url": "https://www.hauntinghuescosmetics.com/shop?Category=Perfume", "link_selector": "a[href*='/product-page/']", "collection_count": 3}, "hypothesisId": "A"}
{"id": "log_py_397662348666491130", "timestamp": 1774193262148, "location": "run_scraper.py", "message": "primary selector elements", "data": {"count": 68, "link_selector": "a[href*='/product-page/']"}, "hypothesisId": "B"}
{"id": "log_py_-36004609895506130", "timestamp": 1774193263801, "location": "run_scraper.py", "message": "collect_product_links exit", "data": {"links_count": 34, "collection_url": "https://www.hauntinghuescosmetics.com/shop?Category=Perfume"}, "hypothesisId": "E"}
{"id": "log_py_397662348666491130", "timestamp": 1774193291270, "location": "run_scraper.py", "message": "primary selector elements", "data": {"count": 58, "link_selector": "a[href*='/product-page/']"}, "hypothesisId": "B"}
{"id": "log_py_-36004609895506130", "timestamp": 1774193292553, "location": "run_scraper.py", "message": "collect_product_links exit", "data": {"links_count": 29, "collection_url": "https://www.hauntinghuescosmetics.com/shop?Category=Perfume&page=2"}, "hypothesisId": "E"}
{"id": "log_py_397662348666491130", "timestamp": 1774193322738, "location": "run_scraper.py", "message": "primary selector elements", "data": {"count": 64, "link_selector": "a[href*='/product-page/']"}, "hypothesisId": "B"}
{"id": "log_py_-36004609895506130", "timestamp": 1774193324358, "location": "run_scraper.py", "message": "collect_product_links exit", "data": {"links_count": 32, "collection_url": "https://www.hauntinghuescosmetics.com/shop?Category=Perfume%2520Oil"}, "hypothesisId": "E"}
{"id": "log_py_-3592946190292178964", "timestamp": 1774194195411, "location": "run_scraper.py", "message": "scrape() config", "data": {"base_url": "https://www.hauntinghuescosmetics.com", "first_collection_url": "https://www.hauntinghuescosmetics.com/shop?Category=Perfume", "link_selector": "a[href*='/product-page/']", "collection_count": 3}, "hypothesisId": "A"}
{"id": "log_py_-509537396508888802", "timestamp": 1774194267906, "location": "run_scraper.py", "message": "primary selector elements", "data": {"count": 68, "link_selector": "a[href*='/product-page/']"}, "hypothesisId": "B"}
{"id": "log_py_8302145335169476476", "timestamp": 1774194269630, "location": "run_scraper.py", "message": "collect_product_links exit", "data": {"links_count": 34, "collection_url": "https://www.hauntinghuescosmetics.com/shop?Category=Perfume"}, "hypothesisId": "E"}
{"id": "log_py_-509537396508888802", "timestamp": 1774194298295, "location": "run_scraper.py", "message": "primary selector elements", "data": {"count": 58, "link_selector": "a[href*='/product-page/']"}, "hypothesisId": "B"}
{"id": "log_py_8302145335169476476", "timestamp": 1774194299852, "location": "run_scraper.py", "message": "collect_product_links exit", "data": {"links_count": 29, "collection_url": "https://www.hauntinghuescosmetics.com/shop?Category=Perfume&page=2"}, "hypothesisId": "E"}
{"id": "log_py_-509537396508888802", "timestamp": 1774194328531, "location": "run_scraper.py", "message": "primary selector elements", "data": {"count": 64, "link_selector": "a[href*='/product-page/']"}, "hypothesisId": "B"}
{"id": "log_py_8302145335169476476", "timestamp": 1774194330129, "location": "run_scraper.py", "message": "collect_product_links exit", "data": {"links_count": 32, "collection_url": "https://www.hauntinghuescosmetics.com/shop?Category=Perfume%2520Oil"}, "hypothesisId": "E"}
{"id": "log_py_-7829707138454707048", "timestamp": 1774196453406, "location": "run_scraper.py", "message": "scrape() config", "data": {"base_url": "https://www.hauntinghuescosmetics.com", "first_collection_url": "https://www.hauntinghuescosmetics.com/shop?Category=Perfume", "link_selector": "a[href*='/product-page/']", "collection_count": 3}, "hypothesisId": "A"}
{"id": "log_py_6280171332561765289", "timestamp": 1774196538189, "location": "run_scraper.py", "message": "primary selector elements", "data": {"count": 68, "link_selector": "a[href*='/product-page/']"}, "hypothesisId": "B"}
{"id": "log_py_5654499966692872435", "timestamp": 1774196539630, "location": "run_scraper.py", "message": "collect_product_links exit", "data": {"links_count": 34, "collection_url": "https://www.hauntinghuescosmetics.com/shop?Category=Perfume"}, "hypothesisId": "E"}
{"id": "log_py_6280171332561765289", "timestamp": 1774196575133, "location": "run_scraper.py", "message": "primary selector elements", "data": {"count": 58, "link_selector": "a[href*='/product-page/']"}, "hypothesisId": "B"}
{"id": "log_py_5654499966692872435", "timestamp": 1774196587405, "location": "run_scraper.py", "message": "collect_product_links exit", "data": {"links_count": 29, "collection_url": "https://www.hauntinghuescosmetics.com/shop?Category=Perfume&page=2"}, "hypothesisId": "E"}
{"id": "log_py_6280171332561765289", "timestamp": 1774196618153, "location": "run_scraper.py", "message": "primary selector elements", "data": {"count": 64, "link_selector": "a[href*='/product-page/']"}, "hypothesisId": "B"}
{"id": "log_py_5654499966692872435", "timestamp": 1774196619458, "location": "run_scraper.py", "message": "collect_product_links exit", "data": {"links_count": 32, "collection_url": "https://www.hauntinghuescosmetics.com/shop?Category=Perfume%2520Oil"}, "hypothesisId": "E"}
{"id": "log_py_-3917282085310816780", "timestamp": 1774265394723, "location": "run_scraper.py", "message": "scrape() config", "data": {"base_url": "https://www.hauntinghuescosmetics.com", "first_collection_url": "https://www.hauntinghuescosmetics.com/shop?Category=Perfume", "link_selector": "a[href*='/products/']", "collection_count": 3}, "hypothesisId": "A"}
{"id": "log_py_4100648710008915851", "timestamp": 1774265474877, "location": "run_scraper.py", "message": "WebDriverWait timed out", "data": {"link_selector": "a[href*='/products/']", "collection_url": "https://www.hauntinghuescosmetics.com/shop?Category=Perfume"}, "hypothesisId": "B"}
{"id": "log_py_4100648710008915851", "timestamp": 1774265522570, "location": "run_scraper.py", "message": "WebDriverWait timed out", "data": {"link_selector": "a[href*='/products/']", "collection_url": "https://www.hauntinghuescosmetics.com/shop?Category=Perfume&page=2"}, "hypothesisId": "B"}
{"id": "log_py_4100648710008915851", "timestamp": 1774265572755, "location": "run_scraper.py", "message": "WebDriverWait timed out", "data": {"link_selector": "a[href*='/products/']", "collection_url": "https://www.hauntinghuescosmetics.com/shop?Category=Perfume%2520Oil"}, "hypothesisId": "B"}
{"id": "log_py_-7603865518675635229", "timestamp": 1774266408309, "location": "run_scraper.py", "message": "scrape() config", "data": {"base_url": "https://www.hauntinghuescosmetics.com", "first_collection_url": "https://www.hauntinghuescosmetics.com/shop?Category=Perfume", "link_selector": "a[href*='//product-page/']", "collection_count": 3}, "hypothesisId": "A"}
{"id": "log_py_6936632596619974917", "timestamp": 1774266473916, "location": "run_scraper.py", "message": "WebDriverWait timed out", "data": {"link_selector": "a[href*='//product-page/']", "collection_url": "https://www.hauntinghuescosmetics.com/shop?Category=Perfume"}, "hypothesisId": "B"}
{"id": "log_py_6936632596619974917", "timestamp": 1774266524224, "location": "run_scraper.py", "message": "WebDriverWait timed out", "data": {"link_selector": "a[href*='//product-page/']", "collection_url": "https://www.hauntinghuescosmetics.com/shop?Category=Perfume&page=2"}, "hypothesisId": "B"}
{"id": "log_py_6936632596619974917", "timestamp": 1774266574598, "location": "run_scraper.py", "message": "WebDriverWait timed out", "data": {"link_selector": "a[href*='//product-page/']", "collection_url": "https://www.hauntinghuescosmetics.com/shop?Category=Perfume%2520Oil"}, "hypothesisId": "B"}
{"id": "log_py_-7376356728106674487", "timestamp": 1774266890384, "location": "run_scraper.py", "message": "scrape() config", "data": {"base_url": "https://www.hauntinghuescosmetics.com", "first_collection_url": "https://www.hauntinghuescosmetics.com/shop?Category=Perfume", "link_selector": "a[href*='/product-page/']", "collection_count": 3}, "hypothesisId": "A"}
{"id": "log_py_-606924528289041325", "timestamp": 1774266935409, "location": "run_scraper.py", "message": "primary selector elements", "data": {"count": 68, "link_selector": "a[href*='/product-page/']"}, "hypothesisId": "B"}
{"id": "log_py_-8543193459738371386", "timestamp": 1774266936844, "location": "run_scraper.py", "message": "collect_product_links exit", "data": {"links_count": 34, "collection_url": "https://www.hauntinghuescosmetics.com/shop?Category=Perfume"}, "hypothesisId": "E"}
{"id": "log_py_-606924528289041325", "timestamp": 1774266964611, "location": "run_scraper.py", "message": "primary selector elements", "data": {"count": 58, "link_selector": "a[href*='/product-page/']"}, "hypothesisId": "B"}
{"id": "log_py_-8543193459738371386", "timestamp": 1774266965722, "location": "run_scraper.py", "message": "collect_product_links exit", "data": {"links_count": 29, "collection_url": "https://www.hauntinghuescosmetics.com/shop?Category=Perfume&page=2"}, "hypothesisId": "E"}
{"id": "log_py_-606924528289041325", "timestamp": 1774266996122, "location": "run_scraper.py", "message": "primary selector elements", "data": {"count": 64, "link_selector": "a[href*='/product-page/']"}, "hypothesisId": "B"}
{"id": "log_py_-8543193459738371386", "timestamp": 1774266997605, "location": "run_scraper.py", "message": "collect_product_links exit", "data": {"links_count": 32, "collection_url": "https://www.hauntinghuescosmetics.com/shop?Category=Perfume%2520Oil"}, "hypothesisId": "E"}
{"id": "log_py_6451790522646846649", "timestamp": 1774269312156, "location": "run_scraper.py", "message": "scrape() config", "data": {"base_url": "https://www.thehexmundico.com", "first_collection_url": "https://www.thehexmundico.com/shop-rtf7b/parfum", "link_selector": "a[href*='/p/']", "collection_count": 1}, "hypothesisId": "A"}
{"id": "log_py_3168541743727380648", "timestamp": 1774269475454, "location": "run_scraper.py", "message": "primary selector elements", "data": {"count": 169, "link_selector": "a[href*='/p/']"}, "hypothesisId": "B"}
{"id": "log_py_-5279195582752720072", "timestamp": 1774269476294, "location": "run_scraper.py", "message": "collect_product_links exit", "data": {"links_count": 169, "collection_url": "https://www.thehexmundico.com/shop-rtf7b/parfum"}, "hypothesisId": "E"}
{"id": "log_py_-5295732450684498423", "timestamp": 1774300050660, "location": "run_scraper.py", "message": "scrape() config", "data": {"base_url": "https://www.thehexmundico.com", "first_collection_url": "https://www.thehexmundico.com/shop-rtf7b/parfum", "link_selector": "a[href*='/p/']", "collection_count": 1}, "hypothesisId": "A"}
{"id": "log_py_5397445766740122357", "timestamp": 1774300220559, "location": "run_scraper.py", "message": "primary selector elements", "data": {"count": 169, "link_selector": "a[href*='/p/']"}, "hypothesisId": "B"}
{"id": "log_py_525640203374306991", "timestamp": 1774300221990, "location": "run_scraper.py", "message": "collect_product_links exit", "data": {"links_count": 169, "collection_url": "https://www.thehexmundico.com/shop-rtf7b/parfum"}, "hypothesisId": "E"}
{"id": "log_py_971036743893649747", "timestamp": 1774484838425, "location": "run_scraper.py", "message": "scrape() config", "data": {"base_url": "https://www.houseofoubliette.com", "first_collection_url": "https://www.houseofoubliette.com/products", "link_selector": "a[href*='/product/']", "collection_count": 2}, "hypothesisId": "A"}
{"id": "log_py_-7155778083866863761", "timestamp": 1774484920606, "location": "run_scraper.py", "message": "primary selector elements", "data": {"count": 11, "link_selector": "a[href*='/product/']"}, "hypothesisId": "B"}
{"id": "log_py_-5029343326605336968", "timestamp": 1774484920868, "location": "run_scraper.py", "message": "collect_product_links exit", "data": {"links_count": 11, "collection_url": "https://www.houseofoubliette.com/products"}, "hypothesisId": "E"}
{"id": "log_py_-7155778083866863761", "timestamp": 1774484947005, "location": "run_scraper.py", "message": "primary selector elements", "data": {"count": 3, "link_selector": "a[href*='/product/']"}, "hypothesisId": "B"}
{"id": "log_py_-5029343326605336968", "timestamp": 1774484947050, "location": "run_scraper.py", "message": "collect_product_links exit", "data": {"links_count": 3, "collection_url": "https://www.houseofoubliette.com/products?page=2"}, "hypothesisId": "E"}
{"id": "log_py_8881109050229081979", "timestamp": 1774485536707, "location": "run_scraper.py", "message": "scrape() config", "data": {"base_url": "https://www.houseofoubliette.com", "first_collection_url": "https://www.houseofoubliette.com/products", "link_selector": "a[href*='/product/']", "collection_count": 2}, "hypothesisId": "A"}
{"id": "log_py_8348701246626011954", "timestamp": 1774485585028, "location": "run_scraper.py", "message": "primary selector elements", "data": {"count": 11, "link_selector": "a[href*='/product/']"}, "hypothesisId": "B"}
{"id": "log_py_1241097533037563801", "timestamp": 1774485585342, "location": "run_scraper.py", "message": "collect_product_links exit", "data": {"links_count": 11, "collection_url": "https://www.houseofoubliette.com/products"}, "hypothesisId": "E"}
{"id": "log_py_8348701246626011954", "timestamp": 1774485611656, "location": "run_scraper.py", "message": "primary selector elements", "data": {"count": 3, "link_selector": "a[href*='/product/']"}, "hypothesisId": "B"}
{"id": "log_py_1241097533037563801", "timestamp": 1774485611748, "location": "run_scraper.py", "message": "collect_product_links exit", "data": {"links_count": 3, "collection_url": "https://www.houseofoubliette.com/products?page=2"}, "hypothesisId": "E"}
{"id": "log_py_1323624590705780687", "timestamp": 1774485996241, "location": "run_scraper.py", "message": "scrape() config", "data": {"base_url": "https://www.houseofoubliette.com", "first_collection_url": "https://www.houseofoubliette.com/products", "link_selector": "a[href*='/product/']", "collection_count": 2}, "hypothesisId": "A"}
{"id": "log_py_4652884950331685599", "timestamp": 1774486041597, "location": "run_scraper.py", "message": "primary selector elements", "data": {"count": 11, "link_selector": "a[href*='/product/']"}, "hypothesisId": "B"}
{"id": "log_py_-429577224921786736", "timestamp": 1774486041869, "location": "run_scraper.py", "message": "collect_product_links exit", "data": {"links_count": 11, "collection_url": "https://www.houseofoubliette.com/products"}, "hypothesisId": "E"}
{"id": "log_py_4652884950331685599", "timestamp": 1774486068014, "location": "run_scraper.py", "message": "primary selector elements", "data": {"count": 3, "link_selector": "a[href*='/product/']"}, "hypothesisId": "B"}
{"id": "log_py_-429577224921786736", "timestamp": 1774486068085, "location": "run_scraper.py", "message": "collect_product_links exit", "data": {"links_count": 3, "collection_url": "https://www.houseofoubliette.com/products?page=2"}, "hypothesisId": "E"}
{"id": "log_py_-2797395954889734824", "timestamp": 1774487765298, "location": "run_scraper.py", "message": "scrape() config", "data": {"base_url": "https://www.inklingscents.com", "first_collection_url": "https://www.inklingscents.com/shop-bestnaturalperfumes", "link_selector": "a[href*='/product-page/']", "collection_count": 1}, "hypothesisId": "A"}
{"id": "log_py_3407611553378107492", "timestamp": 1774487852892, "location": "run_scraper.py", "message": "primary selector elements", "data": {"count": 90, "link_selector": "a[href*='/product-page/']"}, "hypothesisId": "B"}
{"id": "log_py_-291927835956616534", "timestamp": 1774487855288, "location": "run_scraper.py", "message": "collect_product_links exit", "data": {"links_count": 45, "collection_url": "https://www.inklingscents.com/shop-bestnaturalperfumes"}, "hypothesisId": "E"}
{"id": "log_py_-8010501848579503269", "timestamp": 1774488854200, "location": "run_scraper.py", "message": "scrape() config", "data": {"base_url": "https://www.houseofkerosene.com", "first_collection_url": "https://www.houseofkerosene.com/fragrances", "link_selector": "a[href*='/product-page/']", "collection_count": 1}, "hypothesisId": "A"}
{"id": "log_py_-1683540831184761282", "timestamp": 1774488894663, "location": "run_scraper.py", "message": "primary selector elements", "data": {"count": 38, "link_selector": "a[href*='/product-page/']"}, "hypothesisId": "B"}
{"id": "log_py_-5185593236493140057", "timestamp": 1774488895618, "location": "run_scraper.py", "message": "collect_product_links exit", "data": {"links_count": 19, "collection_url": "https://www.houseofkerosene.com/fragrances"}, "hypothesisId": "E"}
{"id": "log_py_-4682584352318488221", "timestamp": 1774489348175, "location": "run_scraper.py", "message": "scrape() config", "data": {"base_url": "https://www.houseofkerosene.com", "first_collection_url": "https://www.houseofkerosene.com/fragrances", "link_selector": "a[href*='/product-page/']", "collection_count": 1}, "hypothesisId": "A"}
{"id": "log_py_7767776859935885613", "timestamp": 1774489388188, "location": "run_scraper.py", "message": "primary selector elements", "data": {"count": 38, "link_selector": "a[href*='/product-page/']"}, "hypothesisId": "B"}
{"id": "log_py_4322828001422931063", "timestamp": 1774489389071, "location": "run_scraper.py", "message": "collect_product_links exit", "data": {"links_count": 19, "collection_url": "https://www.houseofkerosene.com/fragrances"}, "hypothesisId": "E"}
{"id": "log_py_-5099699555049277257", "timestamp": 1774490391412, "location": "run_scraper.py", "message": "scrape() config", "data": {"base_url": "https://kheimistrii.com", "first_collection_url": "https://kheimistrii.com/collections/perfumery", "link_selector": "a[href*='/products/']", "collection_count": 1}, "hypothesisId": "A"}
{"id": "log_py_-2123063508599240565", "timestamp": 1774490459558, "location": "run_scraper.py", "message": "primary selector elements", "data": {"count": 82, "link_selector": "a[href*='/products/']"}, "hypothesisId": "B"}
{"id": "log_py_4609595756746827625", "timestamp": 1774490461401, "location": "run_scraper.py", "message": "collect_product_links exit", "data": {"links_count": 41, "collection_url": "https://kheimistrii.com/collections/perfumery"}, "hypothesisId": "E"}
{"id": "log_py_955030300074999632", "timestamp": 1774491289581, "location": "run_scraper.py", "message": "scrape() config", "data": {"base_url": "https://kheimistrii.com", "first_collection_url": "https://kheimistrii.com/collections/perfumery", "link_selector": "a[href*='/products/']", "collection_count": 1}, "hypothesisId": "A"}
{"id": "log_py_-5065649457201249181", "timestamp": 1774491353841, "location": "run_scraper.py", "message": "primary selector elements", "data": {"count": 82, "link_selector": "a[href*='/products/']"}, "hypothesisId": "B"}
{"id": "log_py_6973198960299179418", "timestamp": 1774491355779, "location": "run_scraper.py", "message": "collect_product_links exit", "data": {"links_count": 41, "collection_url": "https://kheimistrii.com/collections/perfumery"}, "hypothesisId": "E"}
{"id": "log_py_-6077909079489307527", "timestamp": 1774523941612, "location": "run_scraper.py", "message": "scrape() config", "data": {"base_url": "https://kheimistrii.com", "first_collection_url": "https://kheimistrii.com/collections/perfumery", "link_selector": "a[href*='/products/']", "collection_count": 1}, "hypothesisId": "A"}
{"id": "log_py_3114447888824386391", "timestamp": 1774524035346, "location": "run_scraper.py", "message": "primary selector elements", "data": {"count": 82, "link_selector": "a[href*='/products/']"}, "hypothesisId": "B"}
{"id": "log_py_4806056545419750835", "timestamp": 1774524037830, "location": "run_scraper.py", "message": "collect_product_links exit", "data": {"links_count": 41, "collection_url": "https://kheimistrii.com/collections/perfumery"}, "hypothesisId": "E"}
{"id": "log_py_-1590648302558297458", "timestamp": 1774525489313, "location": "run_scraper.py", "message": "scrape() config", "data": {"base_url": "https://www.kuumbamade.com", "first_collection_url": "https://www.kuumbamade.com/collections/fragrance-oils", "link_selector": "a[href*='/products/']", "collection_count": 1}, "hypothesisId": "A"}
{"id": "log_py_3656483560783541360", "timestamp": 1774525580377, "location": "run_scraper.py", "message": "primary selector elements", "data": {"count": 213, "link_selector": "a[href*='/products/']"}, "hypothesisId": "B"}
{"id": "log_py_3696712666079786078", "timestamp": 1774525585533, "location": "run_scraper.py", "message": "collect_product_links exit", "data": {"links_count": 87, "collection_url": "https://www.kuumbamade.com/collections/fragrance-oils"}, "hypothesisId": "E"}
{"id": "log_py_2917207709655238483", "timestamp": 1774528227462, "location": "run_scraper.py", "message": "scrape() config", "data": {"base_url": "https://lareefragrances.com", "first_collection_url": "https://lareefragrances.com/collections/all", "link_selector": "a[href*='/products/']", "collection_count": 5}, "hypothesisId": "A"}
{"id": "log_py_7011835706032752654", "timestamp": 1774528279361, "location": "run_scraper.py", "message": "primary selector elements", "data": {"count": 32, "link_selector": "a[href*='/products/']"}, "hypothesisId": "B"}
{"id": "log_py_-6051290202226064880", "timestamp": 1774528280295, "location": "run_scraper.py", "message": "collect_product_links exit", "data": {"links_count": 16, "collection_url": "https://lareefragrances.com/collections/all"}, "hypothesisId": "E"}
{"id": "log_py_7011835706032752654", "timestamp": 1774528314392, "location": "run_scraper.py", "message": "primary selector elements", "data": {"count": 32, "link_selector": "a[href*='/products/']"}, "hypothesisId": "B"}
{"id": "log_py_-6051290202226064880", "timestamp": 1774528315191, "location": "run_scraper.py", "message": "collect_product_links exit", "data": {"links_count": 16, "collection_url": "https://lareefragrances.com/collections/all?page=2"}, "hypothesisId": "E"}
{"id": "log_py_7011835706032752654", "timestamp": 1774528349196, "location": "run_scraper.py", "message": "primary selector elements", "data": {"count": 32, "link_selector": "a[href*='/products/']"}, "hypothesisId": "B"}
{"id": "log_py_-6051290202226064880", "timestamp": 1774528350084, "location": "run_scraper.py", "message": "collect_product_links exit", "data": {"links_count": 16, "collection_url": "https://lareefragrances.com/collections/all?page=3"}, "hypothesisId": "E"}
{"id": "log_py_7011835706032752654", "timestamp": 1774528383740, "location": "run_scraper.py", "message": "primary selector elements", "data": {"count": 32, "link_selector": "a[href*='/products/']"}, "hypothesisId": "B"}
{"id": "log_py_-6051290202226064880", "timestamp": 1774528384466, "location": "run_scraper.py", "message": "collect_product_links exit", "data": {"links_count": 16, "collection_url": "https://lareefragrances.com/collections/all?page=4"}, "hypothesisId": "E"}
{"id": "log_py_7011835706032752654", "timestamp": 1774528418169, "location": "run_scraper.py", "message": "primary selector elements", "data": {"count": 32, "link_selector": "a[href*='/products/']"}, "hypothesisId": "B"}
{"id": "log_py_-6051290202226064880", "timestamp": 1774528418958, "location": "run_scraper.py", "message": "collect_product_links exit", "data": {"links_count": 16, "collection_url": "https://lareefragrances.com/collections/all?page=5"}, "hypothesisId": "E"}
{"id": "log_py_5151942304007005724", "timestamp": 1774559799682, "location": "run_scraper.py", "message": "scrape() config", "data": {"base_url": "https://lareefragrances.com", "first_collection_url": "https://lareefragrances.com/collections/all?page=6", "link_selector": "a[href*='/products/']", "collection_count": 5}, "hypothesisId": "A"}
{"id": "log_py_-4088575470777799551", "timestamp": 1774559850629, "location": "run_scraper.py", "message": "primary selector elements", "data": {"count": 32, "link_selector": "a[href*='/products/']"}, "hypothesisId": "B"}
{"id": "log_py_-5805259480657731287", "timestamp": 1774559851503, "location": "run_scraper.py", "message": "collect_product_links exit", "data": {"links_count": 16, "collection_url": "https://lareefragrances.com/collections/all?page=6"}, "hypothesisId": "E"}
{"id": "log_py_-4088575470777799551", "timestamp": 1774559885674, "location": "run_scraper.py", "message": "primary selector elements", "data": {"count": 32, "link_selector": "a[href*='/products/']"}, "hypothesisId": "B"}
{"id": "log_py_-5805259480657731287", "timestamp": 1774559886517, "location": "run_scraper.py", "message": "collect_product_links exit", "data": {"links_count": 16, "collection_url": "https://lareefragrances.com/collections/all?page=7"}, "hypothesisId": "E"}
{"id": "log_py_-4088575470777799551", "timestamp": 1774559920239, "location": "run_scraper.py", "message": "primary selector elements", "data": {"count": 32, "link_selector": "a[href*='/products/']"}, "hypothesisId": "B"}
{"id": "log_py_-5805259480657731287", "timestamp": 1774559920970, "location": "run_scraper.py", "message": "collect_product_links exit", "data": {"links_count": 16, "collection_url": "https://lareefragrances.com/collections/all?page=8"}, "hypothesisId": "E"}
{"id": "log_py_-4088575470777799551", "timestamp": 1774559954475, "location": "run_scraper.py", "message": "primary selector elements", "data": {"count": 32, "link_selector": "a[href*='/products/']"}, "hypothesisId": "B"}
{"id": "log_py_-5805259480657731287", "timestamp": 1774559955200, "location": "run_scraper.py", "message": "collect_product_links exit", "data": {"links_count": 16, "collection_url": "https://lareefragrances.com/collections/all?page=9"}, "hypothesisId": "E"}
{"id": "log_py_-4088575470777799551", "timestamp": 1774559989129, "location": "run_scraper.py", "message": "primary selector elements", "data": {"count": 32, "link_selector": "a[href*='/products/']"}, "hypothesisId": "B"}
{"id": "log_py_-5805259480657731287", "timestamp": 1774559989865, "location": "run_scraper.py", "message": "collect_product_links exit", "data": {"links_count": 16, "collection_url": "https://lareefragrances.com/collections/all?page=10"}, "hypothesisId": "E"}
{"id": "log_py_1325937593270257039", "timestamp": 1774562038820, "location": "run_scraper.py", "message": "scrape() config", "data": {"base_url": "https://lareefragrances.com", "first_collection_url": "https://lareefragrances.com/collections/all?page=11", "link_selector": "a[href*='/products/']", "collection_count": 5}, "hypothesisId": "A"}
{"id": "log_py_-1967576717088519716", "timestamp": 1774562089584, "location": "run_scraper.py", "message": "primary selector elements", "data": {"count": 32, "link_selector": "a[href*='/products/']"}, "hypothesisId": "B"}
{"id": "log_py_-2704448604269867963", "timestamp": 1774562090424, "location": "run_scraper.py", "message": "collect_product_links exit", "data": {"links_count": 16, "collection_url": "https://lareefragrances.com/collections/all?page=11"}, "hypothesisId": "E"}
{"id": "log_py_-1967576717088519716", "timestamp": 1774562124662, "location": "run_scraper.py", "message": "primary selector elements", "data": {"count": 32, "link_selector": "a[href*='/products/']"}, "hypothesisId": "B"}
{"id": "log_py_-2704448604269867963", "timestamp": 1774562125437, "location": "run_scraper.py", "message": "collect_product_links exit", "data": {"links_count": 16, "collection_url": "https://lareefragrances.com/collections/all?page=12"}, "hypothesisId": "E"}
{"id": "log_py_-1967576717088519716", "timestamp": 1774562159566, "location": "run_scraper.py", "message": "primary selector elements", "data": {"count": 32, "link_selector": "a[href*='/products/']"}, "hypothesisId": "B"}
{"id": "log_py_-2704448604269867963", "timestamp": 1774562160360, "location": "run_scraper.py", "message": "collect_product_links exit", "data": {"links_count": 16, "collection_url": "https://lareefragrances.com/collections/all?page=13"}, "hypothesisId": "E"}
{"id": "log_py_-1967576717088519716", "timestamp": 1774562194083, "location": "run_scraper.py", "message": "primary selector elements", "data": {"count": 32, "link_selector": "a[href*='/products/']"}, "hypothesisId": "B"}
{"id": "log_py_-2704448604269867963", "timestamp": 1774562194806, "location": "run_scraper.py", "message": "collect_product_links exit", "data": {"links_count": 16, "collection_url": "https://lareefragrances.com/collections/all?page=14"}, "hypothesisId": "E"}
{"id": "log_py_-1967576717088519716", "timestamp": 1774562228719, "location": "run_scraper.py", "message": "primary selector elements", "data": {"count": 32, "link_selector": "a[href*='/products/']"}, "hypothesisId": "B"}
{"id": "log_py_-2704448604269867963", "timestamp": 1774562229491, "location": "run_scraper.py", "message": "collect_product_links exit", "data": {"links_count": 16, "collection_url": "https://lareefragrances.com/collections/all?page=15"}, "hypothesisId": "E"}
{"id": "log_py_-5300274788706765664", "timestamp": 1774567501614, "location": "run_scraper.py", "message": "scrape() config", "data": {"base_url": "https://lareefragrances.com", "first_collection_url": "https://lareefragrances.com/collections/all?page=16", "link_selector": "a[href*='/products/']", "collection_count": 5}, "hypothesisId": "A"}
{"id": "log_py_7086835741725899154", "timestamp": 1774567557143, "location": "run_scraper.py", "message": "primary selector elements", "data": {"count": 32, "link_selector": "a[href*='/products/']"}, "hypothesisId": "B"}
{"id": "log_py_-6431945519302426491", "timestamp": 1774567557973, "location": "run_scraper.py", "message": "collect_product_links exit", "data": {"links_count": 16, "collection_url": "https://lareefragrances.com/collections/all?page=16"}, "hypothesisId": "E"}
{"id": "log_py_7086835741725899154", "timestamp": 1774567592220, "location": "run_scraper.py", "message": "primary selector elements", "data": {"count": 32, "link_selector": "a[href*='/products/']"}, "hypothesisId": "B"}
{"id": "log_py_-6431945519302426491", "timestamp": 1774567592937, "location": "run_scraper.py", "message": "collect_product_links exit", "data": {"links_count": 16, "collection_url": "https://lareefragrances.com/collections/all?page=17"}, "hypothesisId": "E"}
{"id": "log_py_7086835741725899154", "timestamp": 1774567626721, "location": "run_scraper.py", "message": "primary selector elements", "data": {"count": 32, "link_selector": "a[href*='/products/']"}, "hypothesisId": "B"}
{"id": "log_py_-6431945519302426491", "timestamp": 1774567627484, "location": "run_scraper.py", "message": "collect_product_links exit", "data": {"links_count": 16, "collection_url": "https://lareefragrances.com/collections/all?page=18"}, "hypothesisId": "E"}
{"id": "log_py_7086835741725899154", "timestamp": 1774567661244, "location": "run_scraper.py", "message": "primary selector elements", "data": {"count": 32, "link_selector": "a[href*='/products/']"}, "hypothesisId": "B"}
{"id": "log_py_-6431945519302426491", "timestamp": 1774567661982, "location": "run_scraper.py", "message": "collect_product_links exit", "data": {"links_count": 16, "collection_url": "https://lareefragrances.com/collections/all?page=19"}, "hypothesisId": "E"}
{"id": "log_py_7086835741725899154", "timestamp": 1774567692842, "location": "run_scraper.py", "message": "primary selector elements", "data": {"count": 30, "link_selector": "a[href*='/products/']"}, "hypothesisId": "B"}
{"id": "log_py_-6431945519302426491", "timestamp": 1774567693538, "location": "run_scraper.py", "message": "collect_product_links exit", "data": {"links_count": 15, "collection_url": "https://lareefragrances.com/collections/all?page=20"}, "hypothesisId": "E"}
{"id": "log_py_-3040086738445923097", "timestamp": 1774608259765, "location": "run_scraper.py", "message": "scrape() config", "data": {"base_url": "https://www.voyde.com", "first_collection_url": "https://www.voyde.com/category/all-products", "link_selector": "a[href*='/products/']", "collection_count": 1}, "hypothesisId": "A"}
{"id": "log_py_-2045334702038807336", "timestamp": 1774608397624, "location": "run_scraper.py", "message": "WebDriverWait timed out", "data": {"link_selector": "a[href*='/products/']", "collection_url": "https://www.voyde.com/category/all-products"}, "hypothesisId": "B"}
{"id": "log_py_5598700683330228805", "timestamp": 1774608540640, "location": "run_scraper.py", "message": "scrape() config", "data": {"base_url": "https://www.voyde.com", "first_collection_url": "https://www.voyde.com/category/all-products", "link_selector": "a[href*='/product-page/']", "collection_count": 1}, "hypothesisId": "A"}
{"id": "log_py_3779127882018185871", "timestamp": 1774608617809, "location": "run_scraper.py", "message": "primary selector elements", "data": {"count": 28, "link_selector": "a[href*='/product-page/']"}, "hypothesisId": "B"}
{"id": "log_py_8403024847201211906", "timestamp": 1774608618507, "location": "run_scraper.py", "message": "collect_product_links exit", "data": {"links_count": 14, "collection_url": "https://www.voyde.com/category/all-products"}, "hypothesisId": "E"}
{"id": "log_py_-8845848854441595402", "timestamp": 1774609682983, "location": "run_scraper.py", "message": "scrape() config", "data": {"base_url": "https://landofaahs.com", "first_collection_url": "https://landofaahs.com/collections/new-arrivals", "link_selector": "a[href*='/products/']", "collection_count": 5}, "hypothesisId": "A"}
{"id": "log_py_-8234205550055131748", "timestamp": 1774609765986, "location": "run_scraper.py", "message": "primary selector elements", "data": {"count": 40, "link_selector": "a[href*='/products/']"}, "hypothesisId": "B"}
{"id": "log_py_257800461098131778", "timestamp": 1774609766868, "location": "run_scraper.py", "message": "collect_product_links exit", "data": {"links_count": 20, "collection_url": "https://landofaahs.com/collections/new-arrivals"}, "hypothesisId": "E"}
{"id": "log_py_-8234205550055131748", "timestamp": 1774609803678, "location": "run_scraper.py", "message": "primary selector elements", "data": {"count": 34, "link_selector": "a[href*='/products/']"}, "hypothesisId": "B"}
{"id": "log_py_257800461098131778", "timestamp": 1774609804595, "location": "run_scraper.py", "message": "collect_product_links exit", "data": {"links_count": 17, "collection_url": "https://landofaahs.com/collections/new-arrivals?page=2"}, "hypothesisId": "E"}
{"id": "log_py_-8234205550055131748", "timestamp": 1774609838189, "location": "run_scraper.py", "message": "primary selector elements", "data": {"count": 20, "link_selector": "a[href*='/products/']"}, "hypothesisId": "B"}
{"id": "log_py_257800461098131778", "timestamp": 1774609838800, "location": "run_scraper.py", "message": "collect_product_links exit", "data": {"links_count": 10, "collection_url": "https://landofaahs.com/collections/winter-holiday"}, "hypothesisId": "E"}
{"id": "log_py_-8234205550055131748", "timestamp": 1774609877168, "location": "run_scraper.py", "message": "primary selector elements", "data": {"count": 40, "link_selector": "a[href*='/products/']"}, "hypothesisId": "B"}
{"id": "log_py_257800461098131778", "timestamp": 1774609878052, "location": "run_scraper.py", "message": "collect_product_links exit", "data": {"links_count": 20, "collection_url": "https://landofaahs.com/collections/foodie-gourmand-new"}, "hypothesisId": "E"}
{"id": "log_py_-8234205550055131748", "timestamp": 1774609915208, "location": "run_scraper.py", "message": "primary selector elements", "data": {"count": 40, "link_selector": "a[href*='/products/']"}, "hypothesisId": "B"}
{"id": "log_py_257800461098131778", "timestamp": 1774609916125, "location": "run_scraper.py", "message": "collect_product_links exit", "data": {"links_count": 20, "collection_url": "https://landofaahs.com/collections/foodie-gourmand-new?page=2"}, "hypothesisId": "E"}
{"id": "log_py_-6340507288337121050", "timestamp": 1774645296183, "location": "run_scraper.py", "message": "scrape() config", "data": {"base_url": "https://landofaahs.com", "first_collection_url": "https://landofaahs.com/collections/foodie-gourmand-new?page=3", "link_selector": "a[href*='/products/']", "collection_count": 5}, "hypothesisId": "A"}
{"id": "log_py_3213390344190008326", "timestamp": 1774645348684, "location": "run_scraper.py", "message": "primary selector elements", "data": {"count": 40, "link_selector": "a[href*='/products/']"}, "hypothesisId": "B"}
{"id": "log_py_1658525092536874541", "timestamp": 1774645349559, "location": "run_scraper.py", "message": "collect_product_links exit", "data": {"links_count": 20, "collection_url": "https://landofaahs.com/collections/foodie-gourmand-new?page=3"}, "hypothesisId": "E"}
{"id": "log_py_3213390344190008326", "timestamp": 1774645386283, "location": "run_scraper.py", "message": "primary selector elements", "data": {"count": 40, "link_selector": "a[href*='/products/']"}, "hypothesisId": "B"}
{"id": "log_py_1658525092536874541", "timestamp": 1774645387164, "location": "run_scraper.py", "message": "collect_product_links exit", "data": {"links_count": 20, "collection_url": "https://landofaahs.com/collections/foodie-gourmand-new?page=4"}, "hypothesisId": "E"}
{"id": "log_py_3213390344190008326", "timestamp": 1774645423389, "location": "run_scraper.py", "message": "primary selector elements", "data": {"count": 40, "link_selector": "a[href*='/products/']"}, "hypothesisId": "B"}
{"id": "log_py_1658525092536874541", "timestamp": 1774645424248, "location": "run_scraper.py", "message": "collect_product_links exit", "data": {"links_count": 20, "collection_url": "https://landofaahs.com/collections/foodie-gourmand-new?page=5"}, "hypothesisId": "E"}
{"id": "log_py_3213390344190008326", "timestamp": 1774645454944, "location": "run_scraper.py", "message": "primary selector elements", "data": {"count": 16, "link_selector": "a[href*='/products/']"}, "hypothesisId": "B"}
{"id": "log_py_1658525092536874541", "timestamp": 1774645455310, "location": "run_scraper.py", "message": "collect_product_links exit", "data": {"links_count": 8, "collection_url": "https://landofaahs.com/collections/foodie-gourmand-new?page=6"}, "hypothesisId": "E"}
{"id": "log_py_3213390344190008326", "timestamp": 1774645492112, "location": "run_scraper.py", "message": "primary selector elements", "data": {"count": 40, "link_selector": "a[href*='/products/']"}, "hypothesisId": "B"}
{"id": "log_py_1658525092536874541", "timestamp": 1774645492992, "location": "run_scraper.py", "message": "collect_product_links exit", "data": {"links_count": 20, "collection_url": "https://landofaahs.com/collections/designer-inspired"}, "hypothesisId": "E"}
{"id": "log_py_9207179792843158926", "timestamp": 1774648882176, "location": "run_scraper.py", "message": "scrape() config", "data": {"base_url": "https://landofaahs.com", "first_collection_url": "https://landofaahs.com/collections/designer-inspired", "link_selector": "a[href*='/products/']", "collection_count": 5}, "hypothesisId": "A"}
{"id": "log_py_-83768028291798692", "timestamp": 1774648932693, "location": "run_scraper.py", "message": "primary selector elements", "data": {"count": 40, "link_selector": "a[href*='/products/']"}, "hypothesisId": "B"}
{"id": "log_py_3292966433340203164", "timestamp": 1774648933410, "location": "run_scraper.py", "message": "collect_product_links exit", "data": {"links_count": 20, "collection_url": "https://landofaahs.com/collections/designer-inspired"}, "hypothesisId": "E"}
{"id": "log_py_-83768028291798692", "timestamp": 1774648970924, "location": "run_scraper.py", "message": "primary selector elements", "data": {"count": 40, "link_selector": "a[href*='/products/']"}, "hypothesisId": "B"}
{"id": "log_py_3292966433340203164", "timestamp": 1774648971691, "location": "run_scraper.py", "message": "collect_product_links exit", "data": {"links_count": 20, "collection_url": "https://landofaahs.com/collections/designer-inspired?page=2"}, "hypothesisId": "E"}
{"id": "log_py_-83768028291798692", "timestamp": 1774649008241, "location": "run_scraper.py", "message": "primary selector elements", "data": {"count": 40, "link_selector": "a[href*='/products/']"}, "hypothesisId": "B"}
{"id": "log_py_3292966433340203164", "timestamp": 1774649008992, "location": "run_scraper.py", "message": "collect_product_links exit", "data": {"links_count": 20, "collection_url": "https://landofaahs.com/collections/designer-inspired?page=3"}, "hypothesisId": "E"}
{"id": "log_py_-83768028291798692", "timestamp": 1774649042130, "location": "run_scraper.py", "message": "primary selector elements", "data": {"count": 14, "link_selector": "a[href*='/products/']"}, "hypothesisId": "B"}
{"id": "log_py_3292966433340203164", "timestamp": 1774649042358, "location": "run_scraper.py", "message": "collect_product_links exit", "data": {"links_count": 7, "collection_url": "https://landofaahs.com/collections/designer-inspired?page=4"}, "hypothesisId": "E"}
{"id": "log_py_-83768028291798692", "timestamp": 1774649078840, "location": "run_scraper.py", "message": "primary selector elements", "data": {"count": 40, "link_selector": "a[href*='/products/']"}, "hypothesisId": "B"}
{"id": "log_py_3292966433340203164", "timestamp": 1774649079600, "location": "run_scraper.py", "message": "collect_product_links exit", "data": {"links_count": 20, "collection_url": "https://landofaahs.com/collections/spring-summer-new"}, "hypothesisId": "E"}
{"id": "log_py_-5070574278511108996", "timestamp": 1774654916908, "location": "run_scraper.py", "message": "scrape() config", "data": {"base_url": "https://landofaahs.com", "first_collection_url": "https://landofaahs.com/collections/spring-summer-new?page=2", "link_selector": "a[href*='/products/']", "collection_count": 5}, "hypothesisId": "A"}
{"id": "log_py_-2581077313090059609", "timestamp": 1774654969665, "location": "run_scraper.py", "message": "primary selector elements", "data": {"count": 40, "link_selector": "a[href*='/products/']"}, "hypothesisId": "B"}
{"id": "log_py_-3737625418990703829", "timestamp": 1774654970573, "location": "run_scraper.py", "message": "collect_product_links exit", "data": {"links_count": 20, "collection_url": "https://landofaahs.com/collections/spring-summer-new?page=2"}, "hypothesisId": "E"}
{"id": "log_py_-2581077313090059609", "timestamp": 1774655008205, "location": "run_scraper.py", "message": "primary selector elements", "data": {"count": 40, "link_selector": "a[href*='/products/']"}, "hypothesisId": "B"}
{"id": "log_py_-3737625418990703829", "timestamp": 1774655009082, "location": "run_scraper.py", "message": "collect_product_links exit", "data": {"links_count": 20, "collection_url": "https://landofaahs.com/collections/spring-summer-new?page=3"}, "hypothesisId": "E"}
{"id": "log_py_-2581077313090059609", "timestamp": 1774655039380, "location": "run_scraper.py", "message": "primary selector elements", "data": {"count": 2, "link_selector": "a[href*='/products/']"}, "hypothesisId": "B"}
{"id": "log_py_-3737625418990703829", "timestamp": 1774655039432, "location": "run_scraper.py", "message": "collect_product_links exit", "data": {"links_count": 1, "collection_url": "https://landofaahs.com/collections/spring-summer-new?page=4"}, "hypothesisId": "E"}
{"id": "log_py_-2581077313090059609", "timestamp": 1774655073182, "location": "run_scraper.py", "message": "primary selector elements", "data": {"count": 22, "link_selector": "a[href*='/products/']"}, "hypothesisId": "B"}
{"id": "log_py_-3737625418990703829", "timestamp": 1774655073742, "location": "run_scraper.py", "message": "collect_product_links exit", "data": {"links_count": 11, "collection_url": "https://landofaahs.com/collections/new-fresh-clean"}, "hypothesisId": "E"}
{"id": "log_py_-2581077313090059609", "timestamp": 1774655104869, "location": "run_scraper.py", "message": "primary selector elements", "data": {"count": 10, "link_selector": "a[href*='/products/']"}, "hypothesisId": "B"}
{"id": "log_py_-3737625418990703829", "timestamp": 1774655105105, "location": "run_scraper.py", "message": "collect_product_links exit", "data": {"links_count": 5, "collection_url": "https://landofaahs.com/collections/babw-new"}, "hypothesisId": "E"}
{"id": "log_py_4160849149788489435", "timestamp": 1774697765665, "location": "run_scraper.py", "message": "scrape() config", "data": {"base_url": "https://landofaahs.com", "first_collection_url": "https://landofaahs.com/collections/spring-summer-new?page=2", "link_selector": "a[href*='/products/']", "collection_count": 5}, "hypothesisId": "A"}
{"id": "log_py_-4728902102141585305", "timestamp": 1774697815519, "location": "run_scraper.py", "message": "primary selector elements", "data": {"count": 40, "link_selector": "a[href*='/products/']"}, "hypothesisId": "B"}
{"id": "log_py_-6299258532522896921", "timestamp": 1774697816590, "location": "run_scraper.py", "message": "collect_product_links exit", "data": {"links_count": 20, "collection_url": "https://landofaahs.com/collections/spring-summer-new?page=2"}, "hypothesisId": "E"}
{"id": "log_py_-4728902102141585305", "timestamp": 1774697855060, "location": "run_scraper.py", "message": "primary selector elements", "data": {"count": 40, "link_selector": "a[href*='/products/']"}, "hypothesisId": "B"}
{"id": "log_py_-6299258532522896921", "timestamp": 1774697855413, "location": "run_scraper.py", "message": "collect_product_links exit", "data": {"links_count": 20, "collection_url": "https://landofaahs.com/collections/spring-summer-new?page=3"}, "hypothesisId": "E"}
{"id": "log_py_-4728902102141585305", "timestamp": 1774697883243, "location": "run_scraper.py", "message": "primary selector elements", "data": {"count": 2, "link_selector": "a[href*='/products/']"}, "hypothesisId": "B"}
{"id": "log_py_-6299258532522896921", "timestamp": 1774697883300, "location": "run_scraper.py", "message": "collect_product_links exit", "data": {"links_count": 1, "collection_url": "https://landofaahs.com/collections/spring-summer-new?page=4"}, "hypothesisId": "E"}
{"id": "log_py_-4728902102141585305", "timestamp": 1774697917697, "location": "run_scraper.py", "message": "primary selector elements", "data": {"count": 22, "link_selector": "a[href*='/products/']"}, "hypothesisId": "B"}
{"id": "log_py_-6299258532522896921", "timestamp": 1774697917899, "location": "run_scraper.py", "message": "collect_product_links exit", "data": {"links_count": 11, "collection_url": "https://landofaahs.com/collections/new-fresh-clean"}, "hypothesisId": "E"}
{"id": "log_py_-4728902102141585305", "timestamp": 1774697945656, "location": "run_scraper.py", "message": "primary selector elements", "data": {"count": 10, "link_selector": "a[href*='/products/']"}, "hypothesisId": "B"}
{"id": "log_py_-6299258532522896921", "timestamp": 1774697945916, "location": "run_scraper.py", "message": "collect_product_links exit", "data": {"links_count": 5, "collection_url": "https://landofaahs.com/collections/babw-new"}, "hypothesisId": "E"}
{"id": "log_py_5404039068011421888", "timestamp": 1774699560503, "location": "run_scraper.py", "message": "scrape() config", "data": {"base_url": "https://landofaahs.com", "first_collection_url": "https://landofaahs.com/collections/spring-summer-new?page=2", "link_selector": "a[href*='/products/']", "collection_count": 5}, "hypothesisId": "A"}
{"id": "log_py_-6818971430915183217", "timestamp": 1774699599475, "location": "run_scraper.py", "message": "primary selector elements", "data": {"count": 40, "link_selector": "a[href*='/products/']"}, "hypothesisId": "B"}
{"id": "log_py_6065345182779101529", "timestamp": 1774699599822, "location": "run_scraper.py", "message": "collect_product_links exit", "data": {"links_count": 20, "collection_url": "https://landofaahs.com/collections/spring-summer-new?page=2"}, "hypothesisId": "E"}
{"id": "log_py_-6818971430915183217", "timestamp": 1774699634645, "location": "run_scraper.py", "message": "primary selector elements", "data": {"count": 40, "link_selector": "a[href*='/products/']"}, "hypothesisId": "B"}
{"id": "log_py_6065345182779101529", "timestamp": 1774699635961, "location": "run_scraper.py", "message": "collect_product_links exit", "data": {"links_count": 20, "collection_url": "https://landofaahs.com/collections/spring-summer-new?page=3"}, "hypothesisId": "E"}
{"id": "log_py_-6818971430915183217", "timestamp": 1774699667035, "location": "run_scraper.py", "message": "primary selector elements", "data": {"count": 2, "link_selector": "a[href*='/products/']"}, "hypothesisId": "B"}
{"id": "log_py_6065345182779101529", "timestamp": 1774699667090, "location": "run_scraper.py", "message": "collect_product_links exit", "data": {"links_count": 1, "collection_url": "https://landofaahs.com/collections/spring-summer-new?page=4"}, "hypothesisId": "E"}
{"id": "log_py_-6818971430915183217", "timestamp": 1774699701497, "location": "run_scraper.py", "message": "primary selector elements", "data": {"count": 22, "link_selector": "a[href*='/products/']"}, "hypothesisId": "B"}
{"id": "log_py_6065345182779101529", "timestamp": 1774699702118, "location": "run_scraper.py", "message": "collect_product_links exit", "data": {"links_count": 11, "collection_url": "https://landofaahs.com/collections/new-fresh-clean"}, "hypothesisId": "E"}
{"id": "log_py_-6818971430915183217", "timestamp": 1774699734506, "location": "run_scraper.py", "message": "primary selector elements", "data": {"count": 10, "link_selector": "a[href*='/products/']"}, "hypothesisId": "B"}
{"id": "log_py_6065345182779101529", "timestamp": 1774699734877, "location": "run_scraper.py", "message": "collect_product_links exit", "data": {"links_count": 5, "collection_url": "https://landofaahs.com/collections/babw-new"}, "hypothesisId": "E"}
{"id": "log_py_-3441660539789109571", "timestamp": 1774701020259, "location": "run_scraper.py", "message": "scrape() config", "data": {"base_url": "https://landofaahs.com", "first_collection_url": "https://landofaahs.com/collections/kayali-inspired", "link_selector": "a[href*='/products/']", "collection_count": 6}, "hypothesisId": "A"}
{"id": "log_py_-9172637711070984766", "timestamp": 1774701069326, "location": "run_scraper.py", "message": "primary selector elements", "data": {"count": 14, "link_selector": "a[href*='/products/']"}, "hypothesisId": "B"}
{"id": "log_py_2218710955416543933", "timestamp": 1774701069739, "location": "run_scraper.py", "message": "collect_product_links exit", "data": {"links_count": 7, "collection_url": "https://landofaahs.com/collections/kayali-inspired"}, "hypothesisId": "E"}
{"id": "log_py_-9172637711070984766", "timestamp": 1774701101043, "location": "run_scraper.py", "message": "primary selector elements", "data": {"count": 6, "link_selector": "a[href*='/products/']"}, "hypothesisId": "B"}
{"id": "log_py_2218710955416543933", "timestamp": 1774701101230, "location": "run_scraper.py", "message": "collect_product_links exit", "data": {"links_count": 3, "collection_url": "https://landofaahs.com/collections/kilian-inspired"}, "hypothesisId": "E"}
{"id": "log_py_-9172637711070984766", "timestamp": 1774701132732, "location": "run_scraper.py", "message": "primary selector elements", "data": {"count": 6, "link_selector": "a[href*='/products/']"}, "hypothesisId": "B"}
{"id": "log_py_2218710955416543933", "timestamp": 1774701132892, "location": "run_scraper.py", "message": "collect_product_links exit", "data": {"links_count": 3, "collection_url": "https://landofaahs.com/collections/new-lush"}, "hypothesisId": "E"}
{"id": "log_py_-9172637711070984766", "timestamp": 1774701163854, "location": "run_scraper.py", "message": "primary selector elements", "data": {"count": 8, "link_selector": "a[href*='/products/']"}, "hypothesisId": "B"}
{"id": "log_py_2218710955416543933", "timestamp": 1774701164084, "location": "run_scraper.py", "message": "collect_product_links exit", "data": {"links_count": 4, "collection_url": "https://landofaahs.com/collections/parfums-de-marly-inspired"}, "hypothesisId": "E"}
{"id": "log_py_-9172637711070984766", "timestamp": 1774701195633, "location": "run_scraper.py", "message": "primary selector elements", "data": {"count": 10, "link_selector": "a[href*='/products/']"}, "hypothesisId": "B"}
{"id": "log_py_2218710955416543933", "timestamp": 1774701195961, "location": "run_scraper.py", "message": "collect_product_links exit", "data": {"links_count": 5, "collection_url": "https://landofaahs.com/collections/phlur-inspired"}, "hypothesisId": "E"}
{"id": "log_py_-9172637711070984766", "timestamp": 1774701227375, "location": "run_scraper.py", "message": "primary selector elements", "data": {"count": 8, "link_selector": "a[href*='/products/']"}, "hypothesisId": "B"}
{"id": "log_py_2218710955416543933", "timestamp": 1774701227617, "location": "run_scraper.py", "message": "collect_product_links exit", "data": {"links_count": 4, "collection_url": "https://landofaahs.com/collections/sol-de-janeiro-inspired"}, "hypothesisId": "E"}
{"id": "log_py_1303860167762990340", "timestamp": 1774702480475, "location": "run_scraper.py", "message": "scrape() config", "data": {"base_url": "https://www.lattafa-usa.com", "first_collection_url": "https://www.lattafa-usa.com/collections/all", "link_selector": "a[href*='/products/']", "collection_count": 1}, "hypothesisId": "A"}
{"id": "log_py_-1675336289004229128", "timestamp": 1774702549283, "location": "run_scraper.py", "message": "primary selector elements", "data": {"count": 77, "link_selector": "a[href*='/products/']"}, "hypothesisId": "B"}
{"id": "log_py_-718938566445258073", "timestamp": 1774702551438, "location": "run_scraper.py", "message": "collect_product_links exit", "data": {"links_count": 28, "collection_url": "https://www.lattafa-usa.com/collections/all"}, "hypothesisId": "E"}
{"id": "log_py_-1320407387622731974", "timestamp": 1774705865656, "location": "run_scraper.py", "message": "scrape() config", "data": {"base_url": "https://www.lattafa-usa.com", "first_collection_url": "https://www.lattafa-usa.com/collections/all?page=2", "link_selector": "a[href*='/products/']", "collection_count": 6}, "hypothesisId": "A"}
{"id": "log_py_-3933850496470673736", "timestamp": 1774705926456, "location": "run_scraper.py", "message": "primary selector elements", "data": {"count": 82, "link_selector": "a[href*='/products/']"}, "hypothesisId": "B"}
{"id": "log_py_1423000686385467089", "timestamp": 1774705927128, "location": "run_scraper.py", "message": "collect_product_links exit", "data": {"links_count": 24, "collection_url": "https://www.lattafa-usa.com/collections/all?page=2"}, "hypothesisId": "E"}
{"id": "log_py_-3933850496470673736", "timestamp": 1774705967271, "location": "run_scraper.py", "message": "primary selector elements", "data": {"count": 77, "link_selector": "a[href*='/products/']"}, "hypothesisId": "B"}
{"id": "log_py_1423000686385467089", "timestamp": 1774705969321, "location": "run_scraper.py", "message": "collect_product_links exit", "data": {"links_count": 29, "collection_url": "https://www.lattafa-usa.com/collections/all?page=3"}, "hypothesisId": "E"}
{"id": "log_py_-3933850496470673736", "timestamp": 1774706015161, "location": "run_scraper.py", "message": "primary selector elements", "data": {"count": 77, "link_selector": "a[href*='/products/']"}, "hypothesisId": "B"}
{"id": "log_py_1423000686385467089", "timestamp": 1774706017370, "location": "run_scraper.py", "message": "collect_product_links exit", "data": {"links_count": 28, "collection_url": "https://www.lattafa-usa.com/collections/all?page=4"}, "hypothesisId": "E"}
{"id": "log_py_-3933850496470673736", "timestamp": 1774706063282, "location": "run_scraper.py", "message": "primary selector elements", "data": {"count": 77, "link_selector": "a[href*='/products/']"}, "hypothesisId": "B"}
{"id": "log_py_1423000686385467089", "timestamp": 1774706065286, "location": "run_scraper.py", "message": "collect_product_links exit", "data": {"links_count": 30, "collection_url": "https://www.lattafa-usa.com/collections/all?page=5"}, "hypothesisId": "E"}
{"id": "log_py_-3933850496470673736", "timestamp": 1774706109039, "location": "run_scraper.py", "message": "primary selector elements", "data": {"count": 77, "link_selector": "a[href*='/products/']"}, "hypothesisId": "B"}
{"id": "log_py_1423000686385467089", "timestamp": 1774706111152, "location": "run_scraper.py", "message": "collect_product_links exit", "data": {"links_count": 30, "collection_url": "https://www.lattafa-usa.com/collections/all?page=6"}, "hypothesisId": "E"}
{"id": "log_py_-3933850496470673736", "timestamp": 1774706156597, "location": "run_scraper.py", "message": "primary selector elements", "data": {"count": 77, "link_selector": "a[href*='/products/']"}, "hypothesisId": "B"}
{"id": "log_py_1423000686385467089", "timestamp": 1774706157239, "location": "run_scraper.py", "message": "collect_product_links exit", "data": {"links_count": 29, "collection_url": "https://www.lattafa-usa.com/collections/all?page=7"}, "hypothesisId": "E"}
{"id": "log_py_-5558636126678005469", "timestamp": 1774708573615, "location": "run_scraper.py", "message": "scrape() config", "data": {"base_url": "https://www.lattafa-usa.com", "first_collection_url": "https://www.lattafa-usa.com/collections/all?page=8", "link_selector": "a[href*='/products/']", "collection_count": 7}, "hypothesisId": "A"}
{"id": "log_py_7922955155481836048", "timestamp": 1774708634914, "location": "run_scraper.py", "message": "primary selector elements", "data": {"count": 77, "link_selector": "a[href*='/products/']"}, "hypothesisId": "B"}
{"id": "log_py_5494103226916330543", "timestamp": 1774708637080, "location": "run_scraper.py", "message": "collect_product_links exit", "data": {"links_count": 30, "collection_url": "https://www.lattafa-usa.com/collections/all?page=8"}, "hypothesisId": "E"}
{"id": "log_py_7922955155481836048", "timestamp": 1774708679823, "location": "run_scraper.py", "message": "primary selector elements", "data": {"count": 77, "link_selector": "a[href*='/products/']"}, "hypothesisId": "B"}
{"id": "log_py_5494103226916330543", "timestamp": 1774708682022, "location": "run_scraper.py", "message": "collect_product_links exit", "data": {"links_count": 30, "collection_url": "https://www.lattafa-usa.com/collections/all?page=9"}, "hypothesisId": "E"}
{"id": "log_py_7922955155481836048", "timestamp": 1774708726823, "location": "run_scraper.py", "message": "primary selector elements", "data": {"count": 77, "link_selector": "a[href*='/products/']"}, "hypothesisId": "B"}
{"id": "log_py_5494103226916330543", "timestamp": 1774708727420, "location": "run_scraper.py", "message": "collect_product_links exit", "data": {"links_count": 30, "collection_url": "https://www.lattafa-usa.com/collections/all?page=10"}, "hypothesisId": "E"}
{"id": "log_py_7922955155481836048", "timestamp": 1774708767340, "location": "run_scraper.py", "message": "primary selector elements", "data": {"count": 78, "link_selector": "a[href*='/products/']"}, "hypothesisId": "B"}
{"id": "log_py_5494103226916330543", "timestamp": 1774708769467, "location": "run_scraper.py", "message": "collect_product_links exit", "data": {"links_count": 29, "collection_url": "https://www.lattafa-usa.com/collections/all?page=11"}, "hypothesisId": "E"}
{"id": "log_py_7922955155481836048", "timestamp": 1774708815880, "location": "run_scraper.py", "message": "primary selector elements", "data": {"count": 81, "link_selector": "a[href*='/products/']"}, "hypothesisId": "B"}
{"id": "log_py_5494103226916330543", "timestamp": 1774708817208, "location": "run_scraper.py", "message": "collect_product_links exit", "data": {"links_count": 28, "collection_url": "https://www.lattafa-usa.com/collections/all?page=12"}, "hypothesisId": "E"}
{"id": "log_py_7922955155481836048", "timestamp": 1774708857779, "location": "run_scraper.py", "message": "primary selector elements", "data": {"count": 77, "link_selector": "a[href*='/products/']"}, "hypothesisId": "B"}
{"id": "log_py_5494103226916330543", "timestamp": 1774708859788, "location": "run_scraper.py", "message": "collect_product_links exit", "data": {"links_count": 30, "collection_url": "https://www.lattafa-usa.com/collections/all?page=13"}, "hypothesisId": "E"}
{"id": "log_py_7922955155481836048", "timestamp": 1774708905595, "location": "run_scraper.py", "message": "primary selector elements", "data": {"count": 77, "link_selector": "a[href*='/products/']"}, "hypothesisId": "B"}
{"id": "log_py_5494103226916330543", "timestamp": 1774708906162, "location": "run_scraper.py", "message": "collect_product_links exit", "data": {"links_count": 30, "collection_url": "https://www.lattafa-usa.com/collections/all?page=14"}, "hypothesisId": "E"}
{"id": "log_py_5144729438558826832", "timestamp": 1774712010167, "location": "run_scraper.py", "message": "scrape() config", "data": {"base_url": "https://www.lattafa-usa.com", "first_collection_url": "https://www.lattafa-usa.com/collections/all?page=15", "link_selector": "a[href*='/products/']", "collection_count": 4}, "hypothesisId": "A"}
{"id": "log_py_1331397561568292359", "timestamp": 1774712070845, "location": "run_scraper.py", "message": "primary selector elements", "data": {"count": 77, "link_selector": "a[href*='/products/']"}, "hypothesisId": "B"}
{"id": "log_py_-860604035012606219", "timestamp": 1774712073053, "location": "run_scraper.py", "message": "collect_product_links exit", "data": {"links_count": 30, "collection_url": "https://www.lattafa-usa.com/collections/all?page=15"}, "hypothesisId": "E"}
{"id": "log_py_1331397561568292359", "timestamp": 1774712118964, "location": "run_scraper.py", "message": "primary selector elements", "data": {"count": 78, "link_selector": "a[href*='/products/']"}, "hypothesisId": "B"}
{"id": "log_py_-860604035012606219", "timestamp": 1774712121022, "location": "run_scraper.py", "message": "collect_product_links exit", "data": {"links_count": 30, "collection_url": "https://www.lattafa-usa.com/collections/all?page=16"}, "hypothesisId": "E"}
{"id": "log_py_1331397561568292359", "timestamp": 1774712164571, "location": "run_scraper.py", "message": "primary selector elements", "data": {"count": 77, "link_selector": "a[href*='/products/']"}, "hypothesisId": "B"}
{"id": "log_py_-860604035012606219", "timestamp": 1774712166537, "location": "run_scraper.py", "message": "collect_product_links exit", "data": {"links_count": 30, "collection_url": "https://www.lattafa-usa.com/collections/all?page=17"}, "hypothesisId": "E"}
{"id": "log_py_1331397561568292359", "timestamp": 1774712215842, "location": "run_scraper.py", "message": "primary selector elements", "data": {"count": 73, "link_selector": "a[href*='/products/']"}, "hypothesisId": "B"}
{"id": "log_py_-860604035012606219", "timestamp": 1774712217560, "location": "run_scraper.py", "message": "collect_product_links exit", "data": {"links_count": 28, "collection_url": "https://www.lattafa-usa.com/collections/all?page=18"}, "hypothesisId": "E"}
{"id": "log_py_2109351298577272319", "timestamp": 1774714214746, "location": "run_scraper.py", "message": "scrape() config", "data": {"base_url": "https://www.lattafa-usa.com", "first_collection_url": "https://www.lattafa-usa.com/collections/all?page=15", "link_selector": "a[href*='/products/']", "collection_count": 4}, "hypothesisId": "A"}
{"id": "log_py_8603499048209019944", "timestamp": 1774714257825, "location": "run_scraper.py", "message": "primary selector elements", "data": {"count": 77, "link_selector": "a[href*='/products/']"}, "hypothesisId": "B"}
{"id": "log_py_5895550790924684796", "timestamp": 1774714258146, "location": "run_scraper.py", "message": "collect_product_links exit", "data": {"links_count": 30, "collection_url": "https://www.lattafa-usa.com/collections/all?page=15"}, "hypothesisId": "E"}
{"id": "log_py_8603499048209019944", "timestamp": 1774714297236, "location": "run_scraper.py", "message": "primary selector elements", "data": {"count": 78, "link_selector": "a[href*='/products/']"}, "hypothesisId": "B"}
{"id": "log_py_5895550790924684796", "timestamp": 1774714297541, "location": "run_scraper.py", "message": "collect_product_links exit", "data": {"links_count": 30, "collection_url": "https://www.lattafa-usa.com/collections/all?page=16"}, "hypothesisId": "E"}
{"id": "log_py_8603499048209019944", "timestamp": 1774714336188, "location": "run_scraper.py", "message": "primary selector elements", "data": {"count": 77, "link_selector": "a[href*='/products/']"}, "hypothesisId": "B"}
{"id": "log_py_5895550790924684796", "timestamp": 1774714336491, "location": "run_scraper.py", "message": "collect_product_links exit", "data": {"links_count": 30, "collection_url": "https://www.lattafa-usa.com/collections/all?page=17"}, "hypothesisId": "E"}
{"id": "log_py_8603499048209019944", "timestamp": 1774714378689, "location": "run_scraper.py", "message": "primary selector elements", "data": {"count": 73, "link_selector": "a[href*='/products/']"}, "hypothesisId": "B"}
{"id": "log_py_5895550790924684796", "timestamp": 1774714379204, "location": "run_scraper.py", "message": "collect_product_links exit", "data": {"links_count": 28, "collection_url": "https://www.lattafa-usa.com/collections/all?page=18"}, "hypothesisId": "E"}
{"id": "log_py_-489300182421467237", "timestamp": 1774718625508, "location": "run_scraper.py", "message": "scrape() config", "data": {"base_url": "https://www.shoplavana.com", "first_collection_url": "https://www.shoplavana.com/collections/perfumes?srsltid=AfmBOopmQEabjw9bp6QWDd62l4HGw6uEYw1m4acIEDInhBckkYnOZPRF", "link_selector": "a[href*='/products/']", "collection_count": 3}, "hypothesisId": "A"}
{"id": "log_py_-319459892224251224", "timestamp": 1774718677534, "location": "run_scraper.py", "message": "primary selector elements", "data": {"count": 12, "link_selector": "a[href*='/products/']"}, "hypothesisId": "B"}
{"id": "log_py_-4779586072744257904", "timestamp": 1774718677761, "location": "run_scraper.py", "message": "collect_product_links exit", "data": {"links_count": 12, "collection_url": "https://www.shoplavana.com/collections/perfumes?srsltid=AfmBOopmQEabjw9bp6QWDd62"}, "hypothesisId": "E"}
{"id": "log_py_-319459892224251224", "timestamp": 1774718719259, "location": "run_scraper.py", "message": "primary selector elements", "data": {"count": 12, "link_selector": "a[href*='/products/']"}, "hypothesisId": "B"}
{"id": "log_py_-4779586072744257904", "timestamp": 1774718719484, "location": "run_scraper.py", "message": "collect_product_links exit", "data": {"links_count": 12, "collection_url": "https://www.shoplavana.com/collections/perfumes?page=2"}, "hypothesisId": "E"}
{"id": "log_py_-319459892224251224", "timestamp": 1774718754674, "location": "run_scraper.py", "message": "primary selector elements", "data": {"count": 6, "link_selector": "a[href*='/products/']"}, "hypothesisId": "B"}
{"id": "log_py_-4779586072744257904", "timestamp": 1774718754774, "location": "run_scraper.py", "message": "collect_product_links exit", "data": {"links_count": 6, "collection_url": "https://www.shoplavana.com/collections/perfumes?page=3"}, "hypothesisId": "E"}
{"id": "log_py_-2927964376369050927", "timestamp": 1774729379259, "location": "run_scraper.py", "message": "scrape() config", "data": {"base_url": "https://www.realmoflore.com", "first_collection_url": "https://www.realmoflore.com/spring-mists", "link_selector": "a[href*='/spring-mists/']", "collection_count": 1}, "hypothesisId": "A"}
{"id": "log_py_2644850531313065270", "timestamp": 1774729466194, "location": "run_scraper.py", "message": "primary selector elements", "data": {"count": 31, "link_selector": "a[href*='/spring-mists/']"}, "hypothesisId": "B"}
{"id": "log_py_-5100974803779504209", "timestamp": 1774729467101, "location": "run_scraper.py", "message": "collect_product_links exit", "data": {"links_count": 31, "collection_url": "https://www.realmoflore.com/spring-mists"}, "hypothesisId": "E"}
{"id": "log_py_3315526815955364380", "timestamp": 1774729876249, "location": "run_scraper.py", "message": "scrape() config", "data": {"base_url": "https://www.realmoflore.com", "first_collection_url": "https://www.realmoflore.com/spring-mists", "link_selector": "a[href*='/spring-mists/']", "collection_count": 1}, "hypothesisId": "A"}
{"id": "log_py_-8719919758766259856", "timestamp": 1774729961066, "location": "run_scraper.py", "message": "primary selector elements", "data": {"count": 31, "link_selector": "a[href*='/spring-mists/']"}, "hypothesisId": "B"}
{"id": "log_py_-6872308395664946249", "timestamp": 1774729961809, "location": "run_scraper.py", "message": "collect_product_links exit", "data": {"links_count": 31, "collection_url": "https://www.realmoflore.com/spring-mists"}, "hypothesisId": "E"}
{"id": "log_py_-2170792308971347555", "timestamp": 1774730288297, "location": "run_scraper.py", "message": "scrape() config", "data": {"base_url": "https://www.realmoflore.com", "first_collection_url": "https://www.realmoflore.com/spring-mists", "link_selector": "a[href*='/spring-mists/']", "collection_count": 1}, "hypothesisId": "A"}
{"id": "log_py_-6284859532024115752", "timestamp": 1774730356526, "location": "run_scraper.py", "message": "scrape() config", "data": {"base_url": "https://www.realmoflore.com", "first_collection_url": "https://www.realmoflore.com/spring-mists", "link_selector": "a[href*='/spring-mists/']", "collection_count": 1}, "hypothesisId": "A"}
{"id": "log_py_-6732958793556720946", "timestamp": 1774730462440, "location": "run_scraper.py", "message": "primary selector elements", "data": {"count": 31, "link_selector": "a[href*='/spring-mists/']"}, "hypothesisId": "B"}
{"id": "log_py_-4121074404995276633", "timestamp": 1774730463388, "location": "run_scraper.py", "message": "collect_product_links exit", "data": {"links_count": 31, "collection_url": "https://www.realmoflore.com/spring-mists"}, "hypothesisId": "E"}
{"id": "log_py_-4798059726313917944", "timestamp": 1774736122219, "location": "run_scraper.py", "message": "scrape() config", "data": {"base_url": "https://www.tarifeattar.com", "first_collection_url": "https://www.tarifeattar.com/atlas", "link_selector": "a[href*='/product/']", "collection_count": 1}, "hypothesisId": "A"}
{"id": "log_py_-973058970639543362", "timestamp": 1774736191942, "location": "run_scraper.py", "message": "primary selector elements", "data": {"count": 28, "link_selector": "a[href*='/product/']"}, "hypothesisId": "B"}
{"id": "log_py_-1051437193858379643", "timestamp": 1774736192731, "location": "run_scraper.py", "message": "collect_product_links exit", "data": {"links_count": 28, "collection_url": "https://www.tarifeattar.com/atlas"}, "hypothesisId": "E"}
{"id": "log_py_-7140861294269127758", "timestamp": 1774809218329, "location": "run_scraper.py", "message": "scrape() config", "data": {"base_url": "https://mygeisha.com", "first_collection_url": "https://mygeisha.com/collections/perfumes", "link_selector": "a[href*='/products/']", "collection_count": 5}, "hypothesisId": "A"}
{"id": "log_py_-6730512399202197283", "timestamp": 1774809271470, "location": "run_scraper.py", "message": "primary selector elements", "data": {"count": 72, "link_selector": "a[href*='/products/']"}, "hypothesisId": "B"}
{"id": "log_py_-272210781519533975", "timestamp": 1774809271776, "location": "run_scraper.py", "message": "collect_product_links exit", "data": {"links_count": 24, "collection_url": "https://mygeisha.com/collections/perfumes"}, "hypothesisId": "E"}
{"id": "log_py_-6730512399202197283", "timestamp": 1774809312981, "location": "run_scraper.py", "message": "primary selector elements", "data": {"count": 72, "link_selector": "a[href*='/products/']"}, "hypothesisId": "B"}
{"id": "log_py_-272210781519533975", "timestamp": 1774809313249, "location": "run_scraper.py", "message": "collect_product_links exit", "data": {"links_count": 24, "collection_url": "https://mygeisha.com/collections/perfumes?page=2"}, "hypothesisId": "E"}
{"id": "log_py_-6730512399202197283", "timestamp": 1774809351868, "location": "run_scraper.py", "message": "primary selector elements", "data": {"count": 72, "link_selector": "a[href*='/products/']"}, "hypothesisId": "B"}
{"id": "log_py_-272210781519533975", "timestamp": 1774809352202, "location": "run_scraper.py", "message": "collect_product_links exit", "data": {"links_count": 24, "collection_url": "https://mygeisha.com/collections/perfumes?page=3"}, "hypothesisId": "E"}
{"id": "log_py_-6730512399202197283", "timestamp": 1774809391187, "location": "run_scraper.py", "message": "primary selector elements", "data": {"count": 72, "link_selector": "a[href*='/products/']"}, "hypothesisId": "B"}
{"id": "log_py_-272210781519533975", "timestamp": 1774809391580, "location": "run_scraper.py", "message": "collect_product_links exit", "data": {"links_count": 24, "collection_url": "https://mygeisha.com/collections/perfumes?page=4"}, "hypothesisId": "E"}
{"id": "log_py_-6730512399202197283", "timestamp": 1774809430658, "location": "run_scraper.py", "message": "primary selector elements", "data": {"count": 54, "link_selector": "a[href*='/products/']"}, "hypothesisId": "B"}
{"id": "log_py_-272210781519533975", "timestamp": 1774809430875, "location": "run_scraper.py", "message": "collect_product_links exit", "data": {"links_count": 18, "collection_url": "https://mygeisha.com/collections/perfumes?page=5"}, "hypothesisId": "E"}
{"id": "log_py_5963201248441513564", "timestamp": 1774810139109, "location": "run_scraper.py", "message": "scrape() config", "data": {"base_url": "https://mygeisha.com", "first_collection_url": "https://mygeisha.com/collections/perfumes", "link_selector": "a[href*='/products/']", "collection_count": 5}, "hypothesisId": "A"}
{"id": "log_py_-8194318085222774124", "timestamp": 1774810189480, "location": "run_scraper.py", "message": "primary selector elements", "data": {"count": 72, "link_selector": "a[href*='/products/']"}, "hypothesisId": "B"}
{"id": "log_py_6289172344104852988", "timestamp": 1774810190495, "location": "run_scraper.py", "message": "collect_product_links exit", "data": {"links_count": 24, "collection_url": "https://mygeisha.com/collections/perfumes"}, "hypothesisId": "E"}
{"id": "log_py_-8194318085222774124", "timestamp": 1774810231880, "location": "run_scraper.py", "message": "primary selector elements", "data": {"count": 72, "link_selector": "a[href*='/products/']"}, "hypothesisId": "B"}
{"id": "log_py_6289172344104852988", "timestamp": 1774810233898, "location": "run_scraper.py", "message": "collect_product_links exit", "data": {"links_count": 24, "collection_url": "https://mygeisha.com/collections/perfumes?page=2"}, "hypothesisId": "E"}
{"id": "log_py_-8194318085222774124", "timestamp": 1774810275431, "location": "run_scraper.py", "message": "primary selector elements", "data": {"count": 72, "link_selector": "a[href*='/products/']"}, "hypothesisId": "B"}
{"id": "log_py_6289172344104852988", "timestamp": 1774810276778, "location": "run_scraper.py", "message": "collect_product_links exit", "data": {"links_count": 24, "collection_url": "https://mygeisha.com/collections/perfumes?page=3"}, "hypothesisId": "E"}
{"id": "log_py_-8194318085222774124", "timestamp": 1774810318418, "location": "run_scraper.py", "message": "primary selector elements", "data": {"count": 72, "link_selector": "a[href*='/products/']"}, "hypothesisId": "B"}
{"id": "log_py_6289172344104852988", "timestamp": 1774810320470, "location": "run_scraper.py", "message": "collect_product_links exit", "data": {"links_count": 24, "collection_url": "https://mygeisha.com/collections/perfumes?page=4"}, "hypothesisId": "E"}
{"id": "log_py_-8194318085222774124", "timestamp": 1774810361103, "location": "run_scraper.py", "message": "primary selector elements", "data": {"count": 54, "link_selector": "a[href*='/products/']"}, "hypothesisId": "B"}
{"id": "log_py_6289172344104852988", "timestamp": 1774810362651, "location": "run_scraper.py", "message": "collect_product_links exit", "data": {"links_count": 18, "collection_url": "https://mygeisha.com/collections/perfumes?page=5"}, "hypothesisId": "E"}
{"id": "log_py_9209693713715864043", "timestamp": 1774906194380, "location": "run_scraper.py", "message": "scrape() config", "data": {"base_url": "https://mygeisha.com", "first_collection_url": "https://mygeisha.com/collections/perfumes", "link_selector": "a[href*='/products/']", "collection_count": 5}, "hypothesisId": "A"}
{"id": "log_py_4333597909282070589", "timestamp": 1774906273406, "location": "run_scraper.py", "message": "primary selector elements", "data": {"count": 111, "link_selector": "a[href*='/products/']"}, "hypothesisId": "B"}
{"id": "log_py_-7968218312676200618", "timestamp": 1774906277845, "location": "run_scraper.py", "message": "collect_product_links exit", "data": {"links_count": 27, "collection_url": "https://mygeisha.com/collections/perfumes"}, "hypothesisId": "E"}
{"id": "log_py_4333597909282070589", "timestamp": 1774906321207, "location": "run_scraper.py", "message": "primary selector elements", "data": {"count": 111, "link_selector": "a[href*='/products/']"}, "hypothesisId": "B"}
{"id": "log_py_-7968218312676200618", "timestamp": 1774906326008, "location": "run_scraper.py", "message": "collect_product_links exit", "data": {"links_count": 27, "collection_url": "https://mygeisha.com/collections/perfumes?page=2"}, "hypothesisId": "E"}
{"id": "log_py_4333597909282070589", "timestamp": 1774906368588, "location": "run_scraper.py", "message": "primary selector elements", "data": {"count": 111, "link_selector": "a[href*='/products/']"}, "hypothesisId": "B"}
{"id": "log_py_-7968218312676200618", "timestamp": 1774906371884, "location": "run_scraper.py", "message": "collect_product_links exit", "data": {"links_count": 27, "collection_url": "https://mygeisha.com/collections/perfumes?page=3"}, "hypothesisId": "E"}
{"id": "log_py_4333597909282070589", "timestamp": 1774906415615, "location": "run_scraper.py", "message": "primary selector elements", "data": {"count": 111, "link_selector": "a[href*='/products/']"}, "hypothesisId": "B"}
{"id": "log_py_-7968218312676200618", "timestamp": 1774906420202, "location": "run_scraper.py", "message": "collect_product_links exit", "data": {"links_count": 27, "collection_url": "https://mygeisha.com/collections/perfumes?page=4"}, "hypothesisId": "E"}
{"id": "log_py_4333597909282070589", "timestamp": 1774906459432, "location": "run_scraper.py", "message": "primary selector elements", "data": {"count": 93, "link_selector": "a[href*='/products/']"}, "hypothesisId": "B"}
{"id": "log_py_-7968218312676200618", "timestamp": 1774906462299, "location": "run_scraper.py", "message": "collect_product_links exit", "data": {"links_count": 21, "collection_url": "https://mygeisha.com/collections/perfumes?page=5"}, "hypothesisId": "E"}
{"id": "log_py_-7038931223045841910", "timestamp": 1774957396526, "location": "run_scraper.py", "message": "scrape() config", "data": {"base_url": "https://mygeisha.com", "first_collection_url": "https://mygeisha.com/collections/perfumes", "link_selector": "a[href*='/products/']", "collection_count": 1}, "hypothesisId": "A"}
{"id": "log_py_-4708757604902527045", "timestamp": 1774957502146, "location": "run_scraper.py", "message": "primary selector elements", "data": {"count": 111, "link_selector": "a[href*='/products/']"}, "hypothesisId": "B"}
{"id": "log_py_-5374744801380582943", "timestamp": 1774957509035, "location": "run_scraper.py", "message": "collect_product_links exit", "data": {"links_count": 27, "collection_url": "https://mygeisha.com/collections/perfumes"}, "hypothesisId": "E"}
{"id": "log_py_3300315547835327837", "timestamp": 1774958419836, "location": "run_scraper.py", "message": "scrape() config", "data": {"base_url": "https://mygeisha.com", "first_collection_url": "https://mygeisha.com/collections/perfumes", "link_selector": "a[href*='/products/']", "collection_count": 1}, "hypothesisId": "A"}
{"id": "log_py_-2733193500503993734", "timestamp": 1774958505228, "location": "run_scraper.py", "message": "primary selector elements", "data": {"count": 111, "link_selector": "a[href*='/products/']"}, "hypothesisId": "B"}
{"id": "log_py_5916445227444711245", "timestamp": 1774958509905, "location": "run_scraper.py", "message": "collect_product_links exit", "data": {"links_count": 27, "collection_url": "https://mygeisha.com/collections/perfumes"}, "hypothesisId": "E"}
{"id": "log_py_2558910695685215795", "timestamp": 1775041428177, "location": "run_scraper.py", "message": "scrape() config", "data": {"base_url": "https://mygeisha.com", "first_collection_url": "https://mygeisha.com/collections/perfumes", "link_selector": "a[href*='/products/']", "collection_count": 1}, "hypothesisId": "A"}
{"id": "log_py_1645918159712258755", "timestamp": 1775041494982, "location": "run_scraper.py", "message": "primary selector elements", "data": {"count": 111, "link_selector": "a[href*='/products/']"}, "hypothesisId": "B"}
{"id": "log_py_-7739473355094815728", "timestamp": 1775041496758, "location": "run_scraper.py", "message": "collect_product_links exit", "data": {"links_count": 27, "collection_url": "https://mygeisha.com/collections/perfumes"}, "hypothesisId": "E"}
{"id": "log_py_-6987404648490798261", "timestamp": 1775042731213, "location": "run_scraper.py", "message": "scrape() config", "data": {"base_url": "https://mygeisha.com", "first_collection_url": "https://mygeisha.com/collections/perfumes", "link_selector": "a[href*='/products/']", "collection_count": 1}, "hypothesisId": "A"}
{"id": "log_py_7166032974099385153", "timestamp": 1775042786800, "location": "run_scraper.py", "message": "primary selector elements", "data": {"count": 111, "link_selector": "a[href*='/products/']"}, "hypothesisId": "B"}
{"id": "log_py_-7056904639703067141", "timestamp": 1775042789886, "location": "run_scraper.py", "message": "collect_product_links exit", "data": {"links_count": 27, "collection_url": "https://mygeisha.com/collections/perfumes"}, "hypothesisId": "E"}
{"id": "log_py_-1500481448268292229", "timestamp": 1775087997620, "location": "run_scraper.py", "message": "scrape() config", "data": {"base_url": "https://mygeisha.com", "first_collection_url": "https://mygeisha.com/collections/perfumes", "link_selector": "a[href*='/products/']", "collection_count": 1}, "hypothesisId": "A"}
{"id": "log_py_-8326332493228492649", "timestamp": 1775088043406, "location": "run_scraper.py", "message": "primary selector elements", "data": {"count": 111, "link_selector": "a[href*='/products/']"}, "hypothesisId": "B"}
{"id": "log_py_4980703433690519132", "timestamp": 1775088043894, "location": "run_scraper.py", "message": "collect_product_links exit", "data": {"links_count": 27, "collection_url": "https://mygeisha.com/collections/perfumes"}, "hypothesisId": "E"}
